n/clean_neg_399.jpg
n/clean_neg_398.jpg
n/clean_neg_397.jpg
n/clean_neg_396.jpg
n/clean_neg_395.jpg
n/clean_neg_393.jpg
n/clean_neg_394.jpg
n/clean_neg_392.jpg
n/clean_neg_391.jpg
n/clean_neg_390.jpg
n/clean_neg_389.jpg
n/clean_neg_388.jpg
n/clean_neg_387.jpg
n/clean_neg_386.jpg
n/clean_neg_385.jpg
n/clean_neg_384.jpg
n/clean_neg_383.jpg
n/clean_neg_382.jpg
n/clean_neg_381.jpg
n/clean_neg_380.jpg
n/clean_neg_379.jpg
n/clean_neg_378.jpg
n/clean_neg_376.jpg
n/clean_neg_377.jpg
n/clean_neg_375.jpg
n/clean_neg_371.jpg
n/clean_neg_372.jpg
n/clean_neg_373.jpg
n/clean_neg_374.jpg
n/clean_neg_370.jpg
n/clean_neg_369.jpg
n/clean_neg_368.jpg
n/clean_neg_367.jpg
n/clean_neg_366.jpg
n/clean_neg_365.jpg
n/clean_neg_364.jpg
n/clean_neg_363.jpg
n/clean_neg_360.jpg
n/clean_neg_361.jpg
n/clean_neg_362.jpg
n/clean_neg_359.jpg
n/clean_neg_358.jpg
n/clean_neg_351.jpg
n/clean_neg_352.jpg
n/clean_neg_353.jpg
n/clean_neg_354.jpg
n/clean_neg_355.jpg
n/clean_neg_356.jpg
n/clean_neg_357.jpg
n/clean_neg_347.jpg
n/clean_neg_348.jpg
n/clean_neg_349.jpg
n/clean_neg_350.jpg
n/clean_neg_343.jpg
n/clean_neg_344.jpg
n/clean_neg_345.jpg
n/clean_neg_346.jpg
n/clean_neg_340.jpg
n/clean_neg_341.jpg
n/clean_neg_342.jpg
n/clean_neg_339.jpg
n/clean_neg_337.jpg
n/clean_neg_338.jpg
n/clean_neg_336.jpg
n/clean_neg_335.jpg
n/clean_neg_333.jpg
n/clean_neg_334.jpg
n/clean_neg_332.jpg
n/clean_neg_331.jpg
n/clean_neg_329.jpg
n/clean_neg_330.jpg
n/clean_neg_328.jpg
n/clean_neg_327.jpg
n/clean_neg_326.jpg
n/clean_neg_325.jpg
n/clean_neg_324.jpg
n/clean_neg_323.jpg
n/clean_neg_322.jpg
n/clean_neg_321.jpg
n/clean_neg_320.jpg
n/clean_neg_319.jpg
n/clean_neg_318.jpg
n/clean_neg_317.jpg
n/clean_neg_316.jpg
n/clean_neg_315.jpg
n/clean_neg_314.jpg
n/clean_neg_313.jpg
n/clean_neg_312.jpg
n/clean_neg_311.jpg
n/clean_neg_310.jpg
n/clean_neg_309.jpg
n/clean_neg_299.jpg
n/clean_neg_300.jpg
n/clean_neg_301.jpg
n/clean_neg_302.jpg
n/clean_neg_303.jpg
n/clean_neg_304.jpg
n/clean_neg_305.jpg
n/clean_neg_306.jpg
n/clean_neg_307.jpg
n/clean_neg_308.jpg
n/clean_neg_296.jpg
n/clean_neg_297.jpg
n/clean_neg_298.jpg
n/clean_neg_295.jpg
n/clean_neg_291.jpg
n/clean_neg_292.jpg
n/clean_neg_293.jpg
n/clean_neg_294.jpg
n/clean_neg_289.jpg
n/clean_neg_290.jpg
n/clean_neg_283.jpg
n/clean_neg_284.jpg
n/clean_neg_285.jpg
n/clean_neg_286.jpg
n/clean_neg_287.jpg
n/clean_neg_288.jpg
n/clean_neg_281.jpg
n/clean_neg_282.jpg
n/clean_neg_279.jpg
n/clean_neg_280.jpg
n/clean_neg_277.jpg
n/clean_neg_278.jpg
n/clean_neg_273.jpg
n/clean_neg_274.jpg
n/clean_neg_275.jpg
n/clean_neg_276.jpg
n/clean_neg_268.jpg
n/clean_neg_269.jpg
n/clean_neg_270.jpg
n/clean_neg_271.jpg
n/clean_neg_272.jpg
n/clean_neg_265.jpg
n/clean_neg_266.jpg
n/clean_neg_267.jpg
n/clean_neg_258.jpg
n/clean_neg_259.jpg
n/clean_neg_260.jpg
n/clean_neg_261.jpg
n/clean_neg_262.jpg
n/clean_neg_263.jpg
n/clean_neg_264.jpg
n/clean_neg_256.jpg
n/clean_neg_257.jpg
n/clean_neg_255.jpg
n/clean_neg_253.jpg
n/clean_neg_254.jpg
n/clean_neg_249.jpg
n/clean_neg_250.jpg
n/clean_neg_251.jpg
n/clean_neg_252.jpg
n/clean_neg_247.jpg
n/clean_neg_248.jpg
n/clean_neg_245.jpg
n/clean_neg_246.jpg
n/clean_neg_241.jpg
n/clean_neg_242.jpg
n/clean_neg_243.jpg
n/clean_neg_244.jpg
n/clean_neg_237.jpg
n/clean_neg_238.jpg
n/clean_neg_239.jpg
n/clean_neg_240.jpg
n/clean_neg_235.jpg
n/clean_neg_236.jpg
n/clean_neg_232.jpg
n/clean_neg_233.jpg
n/clean_neg_234.jpg
n/clean_neg_231.jpg
n/clean_neg_227.jpg
n/clean_neg_228.jpg
n/clean_neg_229.jpg
n/clean_neg_230.jpg
n/clean_neg_226.jpg
n/clean_neg_215.jpg
n/clean_neg_216.jpg
n/clean_neg_217.jpg
n/clean_neg_218.jpg
n/clean_neg_219.jpg
n/clean_neg_220.jpg
n/clean_neg_221.jpg
n/clean_neg_222.jpg
n/clean_neg_223.jpg
n/clean_neg_224.jpg
n/clean_neg_225.jpg
n/clean_neg_211.jpg
n/clean_neg_212.jpg
n/clean_neg_213.jpg
n/clean_neg_214.jpg
n/clean_neg_207.jpg
n/clean_neg_208.jpg
n/clean_neg_209.jpg
n/clean_neg_210.jpg
n/clean_neg_202.jpg
n/clean_neg_203.jpg
n/clean_neg_204.jpg
n/clean_neg_205.jpg
n/clean_neg_206.jpg
n/clean_neg_190.jpg
n/clean_neg_191.jpg
n/clean_neg_192.jpg
n/clean_neg_193.jpg
n/clean_neg_194.jpg
n/clean_neg_195.jpg
n/clean_neg_196.jpg
n/clean_neg_197.jpg
n/clean_neg_198.jpg
n/clean_neg_199.jpg
n/clean_neg_200.jpg
n/clean_neg_201.jpg
n/clean_neg_179.jpg
n/clean_neg_180.jpg
n/clean_neg_181.jpg
n/clean_neg_182.jpg
n/clean_neg_183.jpg
n/clean_neg_184.jpg
n/clean_neg_185.jpg
n/clean_neg_186.jpg
n/clean_neg_187.jpg
n/clean_neg_188.jpg
n/clean_neg_189.jpg
n/clean_neg_171.jpg
n/clean_neg_172.jpg
n/clean_neg_173.jpg
n/clean_neg_174.jpg
n/clean_neg_175.jpg
n/clean_neg_176.jpg
n/clean_neg_177.jpg
n/clean_neg_178.jpg
n/clean_neg_170.jpg
n/clean_neg_168.jpg
n/clean_neg_169.jpg
n/clean_neg_167.jpg
n/clean_neg_159.jpg
n/clean_neg_160.jpg
n/clean_neg_161.jpg
n/clean_neg_162.jpg
n/clean_neg_163.jpg
n/clean_neg_164.jpg
n/clean_neg_165.jpg
n/clean_neg_166.jpg
n/clean_neg_148.jpg
n/clean_neg_149.jpg
n/clean_neg_150.jpg
n/clean_neg_151.jpg
n/clean_neg_152.jpg
n/clean_neg_153.jpg
n/clean_neg_154.jpg
n/clean_neg_155.jpg
n/clean_neg_156.jpg
n/clean_neg_157.jpg
n/clean_neg_158.jpg
n/clean_neg_136.jpg
n/clean_neg_137.jpg
n/clean_neg_138.jpg
n/clean_neg_139.jpg
n/clean_neg_140.jpg
n/clean_neg_141.jpg
n/clean_neg_142.jpg
n/clean_neg_143.jpg
n/clean_neg_144.jpg
n/clean_neg_145.jpg
n/clean_neg_146.jpg
n/clean_neg_147.jpg
n/clean_neg_130.jpg
n/clean_neg_131.jpg
n/clean_neg_132.jpg
n/clean_neg_133.jpg
n/clean_neg_134.jpg
n/clean_neg_135.jpg
n/clean_neg_128.jpg
n/clean_neg_129.jpg
n/clean_neg_127.jpg
n/clean_neg_120.jpg
n/clean_neg_121.jpg
n/clean_neg_122.jpg
n/clean_neg_123.jpg
n/clean_neg_124.jpg
n/clean_neg_125.jpg
n/clean_neg_126.jpg
n/clean_neg_117.jpg
n/clean_neg_118.jpg
n/clean_neg_119.jpg
n/clean_neg_109.jpg
n/clean_neg_110.jpg
n/clean_neg_111.jpg
n/clean_neg_112.jpg
n/clean_neg_113.jpg
n/clean_neg_114.jpg
n/clean_neg_115.jpg
n/clean_neg_116.jpg
n/clean_neg_106.jpg
n/clean_neg_107.jpg
n/clean_neg_108.jpg
n/clean_neg_100.jpg
n/clean_neg_101.jpg
n/clean_neg_102.jpg
n/clean_neg_103.jpg
n/clean_neg_104.jpg
n/clean_neg_105.jpg
n/clean_neg_99.jpg
n/clean_neg_89.jpg
n/clean_neg_90.jpg
n/clean_neg_91.jpg
n/clean_neg_92.jpg
n/clean_neg_93.jpg
n/clean_neg_94.jpg
n/clean_neg_95.jpg
n/clean_neg_96.jpg
n/clean_neg_97.jpg
n/clean_neg_98.jpg
n/clean_neg_86.jpg
n/clean_neg_87.jpg
n/clean_neg_88.jpg
n/clean_neg_83.jpg
n/clean_neg_84.jpg
n/clean_neg_85.jpg
n/clean_neg_79.jpg
n/clean_neg_80.jpg
n/clean_neg_81.jpg
n/clean_neg_82.jpg
n/clean_neg_71.jpg
n/clean_neg_72.jpg
n/clean_neg_73.jpg
n/clean_neg_74.jpg
n/clean_neg_75.jpg
n/clean_neg_76.jpg
n/clean_neg_77.jpg
n/clean_neg_78.jpg
n/clean_neg_70.jpg
n/clean_neg_69.jpg
n/clean_neg_68.jpg
n/clean_neg_67.jpg
n/clean_neg_65.jpg
n/clean_neg_66.jpg
n/clean_neg_61.jpg
n/clean_neg_62.jpg
n/clean_neg_63.jpg
n/clean_neg_64.jpg
n/clean_neg_59.jpg
n/clean_neg_60.jpg
n/clean_neg_57.jpg
n/clean_neg_58.jpg
n/clean_neg_54.jpg
n/clean_neg_55.jpg
n/clean_neg_56.jpg
n/clean_neg_52.jpg
n/clean_neg_53.jpg
n/clean_neg_51.jpg
n/clean_neg_49.jpg
n/clean_neg_50.jpg
n/clean_neg_47.jpg
n/clean_neg_48.jpg
n/clean_neg_38.jpg
n/clean_neg_39.jpg
n/clean_neg_40.jpg
n/clean_neg_41.jpg
n/clean_neg_42.jpg
n/clean_neg_43.jpg
n/clean_neg_44.jpg
n/clean_neg_45.jpg
n/clean_neg_46.jpg
n/clean_neg_27.jpg
n/clean_neg_28.jpg
n/clean_neg_29.jpg
n/clean_neg_30.jpg
n/clean_neg_31.jpg
n/clean_neg_32.jpg
n/clean_neg_33.jpg
n/clean_neg_34.jpg
n/clean_neg_35.jpg
n/clean_neg_36.jpg
n/clean_neg_37.jpg
n/clean_neg_15.jpg
n/clean_neg_16.jpg
n/clean_neg_17.jpg
n/clean_neg_18.jpg
n/clean_neg_19.jpg
n/clean_neg_20.jpg
n/clean_neg_21.jpg
n/clean_neg_22.jpg
n/clean_neg_23.jpg
n/clean_neg_24.jpg
n/clean_neg_25.jpg
n/clean_neg_26.jpg
n/clean_neg_10.jpg
n/clean_neg_11.jpg
n/clean_neg_12.jpg
n/clean_neg_13.jpg
n/clean_neg_14.jpg
n/clean_neg_6.jpg
n/clean_neg_7.jpg
n/clean_neg_8.jpg
n/clean_neg_9.jpg
n/clean_neg_3.jpg
n/clean_neg_4.jpg
n/clean_neg_5.jpg
n/clean_neg_0.jpg
n/clean_neg_1.jpg
n/clean_neg_2.jpg